kotlin version: 2.3.0
error message: org.jetbrains.kotlin.codegen.CompilationException: Back-end (JVM) Internal error: Couldn't transform method node:
_init_$createCornerPane (Lpolyrhythmmania/solitaire/SolitaireHelpMenu;Lpaintbox/binding/ReadOnlyVar;Ljava/lang/String;)Lpaintbox/ui/Pane;:
    // annotable parameter count: 3 (visible)
    // annotable parameter count: 3 (invisible)
   L0
    LINENUMBER 60 L0
    NEW paintbox/ui/Pane
    DUP
    INVOKESPECIAL paintbox/ui/Pane.<init> ()V
    ASTORE 3
    ALOAD 3
    ASTORE 4
   L1
    ICONST_0
    ISTORE 5
   L2
    LINENUMBER 61 L2
    ALOAD 4
    LDC -8.0
    LDC 0.5
    INVOKEVIRTUAL paintbox/ui/Pane.bindWidthToParent (FF)V
   L3
    LINENUMBER 62 L3
    ALOAD 4
    LDC -6.0
    LDC 0.5
    INVOKEVIRTUAL paintbox/ui/Pane.bindHeightToParent (FF)V
   L4
    LINENUMBER 64 L4
    ALOAD 4
    NEW paintbox/ui/ImageIcon
    DUP
    ACONST_NULL
    GETSTATIC paintbox/ui/ImageRenderingMode.MAINTAIN_ASPECT_RATIO : Lpaintbox/ui/ImageRenderingMode;
    INVOKESPECIAL paintbox/ui/ImageIcon.<init> (Lcom/badlogic/gdx/graphics/g2d/TextureRegion;Lpaintbox/ui/ImageRenderingMode;)V
    ASTORE 6
    ALOAD 6
    ASTORE 7
    ASTORE 8
   L5
    ICONST_0
    ISTORE 9
   L6
    LINENUMBER 65 L6
    GETSTATIC paintbox/ui/Anchor$TopCentre.INSTANCE : Lpaintbox/ui/Anchor$TopCentre;
    CHECKCAST paintbox/ui/Anchor
    ASTORE 10
    ALOAD 7
    CHECKCAST paintbox/ui/UIElement
    ASTORE 11
   L7
    ICONST_0
    ISTORE 12
   L8
    LINENUMBER 174 L8
    ALOAD 10
    ASTORE 13
    ALOAD 11
    ASTORE 14
    FCONST_0
    FSTORE 15
    FCONST_0
    FSTORE 16
   L9
    ICONST_0
    ISTORE 17
   L10
    LINENUMBER 175 L10
    ALOAD 13
    ALOAD 14
    FLOAD 15
    INVOKEVIRTUAL paintbox/ui/Anchor.xConfigure (Lpaintbox/ui/UIElement;F)V
   L11
    LINENUMBER 176 L11
    ALOAD 13
    ALOAD 14
    FLOAD 16
    INVOKEVIRTUAL paintbox/ui/Anchor.yConfigure (Lpaintbox/ui/UIElement;F)V
   L12
    LINENUMBER 177 L12
    NOP
   L13
    LINENUMBER 174 L13
    GOTO L14
   L14
    LINENUMBER 66 L14
    ALOAD 7
    INVOKEVIRTUAL paintbox/ui/ImageIcon.getBounds ()Lpaintbox/ui/area/Bounds;
    INVOKEVIRTUAL paintbox/ui/area/Bounds.getWidth ()Lpaintbox/binding/FloatVar;
    LDC 400.0
    INVOKEVIRTUAL paintbox/binding/FloatVar.set (F)V
   L15
    LINENUMBER 67 L15
    ALOAD 7
    INVOKEVIRTUAL paintbox/ui/ImageIcon.getBounds ()Lpaintbox/ui/area/Bounds;
    INVOKEVIRTUAL paintbox/ui/area/Bounds.getHeight ()Lpaintbox/binding/FloatVar;
    LDC 140.0
    INVOKEVIRTUAL paintbox/binding/FloatVar.set (F)V
   L16
    LINENUMBER 68 L16
    ALOAD 7
    INVOKEVIRTUAL paintbox/ui/ImageIcon.getTextureRegion ()Lpaintbox/binding/Var;
    ALOAD 2
    INVOKEDYNAMIC invoke(Ljava/lang/String;)Lkotlin/jvm/functions/Function1; [
      // handle kind 0x6 : INVOKESTATIC
      java/lang/invoke/LambdaMetafactory.metafactory(Ljava/lang/invoke/MethodHandles$Lookup;Ljava/lang/String;Ljava/lang/invoke/MethodType;Ljava/lang/invoke/MethodType;Ljava/lang/invoke/MethodHandle;Ljava/lang/invoke/MethodType;)Ljava/lang/invoke/CallSite;
      // arguments:
      (Ljava/lang/Object;)Ljava/lang/Object;, 
      // handle kind 0x6 : INVOKESTATIC
      polyrhythmmania/solitaire/SolitaireHelpMenu.createCornerPane$lambda$5$0$0(Ljava/lang/String;Lpaintbox/binding/VarContext;)Lcom/badlogic/gdx/graphics/g2d/TextureRegion;, 
      (Lpaintbox/binding/VarContext;)Lcom/badlogic/gdx/graphics/g2d/TextureRegion;
    ]
    INVOKEINTERFACE paintbox/binding/Var.bind (Lkotlin/jvm/functions/Function1;)V (itf)
   L17
    LINENUMBER 71 L17
    GOTO L18
   L18
    ALOAD 8
    NOP
    NOP
   L19
    LINENUMBER 64 L19
    NOP
    ALOAD 6
    GOTO L20
   L20
    CHECKCAST paintbox/ui/UIElement
   L21
    LINENUMBER 64 L21
    INVOKEVIRTUAL paintbox/ui/Pane.plusAssign (Lpaintbox/ui/UIElement;)V
   L22
    LINENUMBER 72 L22
    ALOAD 4
    NEW paintbox/ui/control/TextLabel
    DUP
    ALOAD 1
    INVOKEDYNAMIC invoke(Lpaintbox/binding/ReadOnlyVar;)Lkotlin/jvm/functions/Function1; [
      // handle kind 0x6 : INVOKESTATIC
      java/lang/invoke/LambdaMetafactory.metafactory(Ljava/lang/invoke/MethodHandles$Lookup;Ljava/lang/String;Ljava/lang/invoke/MethodType;Ljava/lang/invoke/MethodType;Ljava/lang/invoke/MethodHandle;Ljava/lang/invoke/MethodType;)Ljava/lang/invoke/CallSite;
      // arguments:
      (Ljava/lang/Object;)Ljava/lang/Object;, 
      // handle kind 0x6 : INVOKESTATIC
      polyrhythmmania/solitaire/SolitaireHelpMenu.createCornerPane$lambda$5$1(Lpaintbox/binding/ReadOnlyVar;Lpaintbox/binding/VarContext;)Ljava/lang/String;, 
      (Lpaintbox/binding/VarContext;)Ljava/lang/String;
    ]
    ACONST_NULL
    ICONST_2
    ACONST_NULL
    INVOKESPECIAL paintbox/ui/control/TextLabel.<init> (Lkotlin/jvm/functions/Function1;Lpaintbox/font/PaintboxFont;ILkotlin/jvm/internal/DefaultConstructorMarker;)V
    ASTORE 6
    ALOAD 6
    ASTORE 7
    ASTORE 8
   L23
    ICONST_0
    ISTORE 9
   L24
    LINENUMBER 73 L24
    GETSTATIC paintbox/ui/Anchor$BottomLeft.INSTANCE : Lpaintbox/ui/Anchor$BottomLeft;
    CHECKCAST paintbox/ui/Anchor
    ASTORE 10
    ALOAD 7
    CHECKCAST paintbox/ui/UIElement
    ASTORE 11
   L25
    ICONST_0
    ISTORE 12
   L26
    LINENUMBER 178 L26
    ALOAD 10
    ASTORE 13
    ALOAD 11
    ASTORE 14
    FCONST_0
    FSTORE 15
    FCONST_0
    FSTORE 16
   L27
    ICONST_0
    ISTORE 17
   L28
    LINENUMBER 179 L28
    ALOAD 13
    ALOAD 14
    FLOAD 15
    INVOKEVIRTUAL paintbox/ui/Anchor.xConfigure (Lpaintbox/ui/UIElement;F)V
   L29
    LINENUMBER 180 L29
    ALOAD 13
    ALOAD 14
    FLOAD 16
    INVOKEVIRTUAL paintbox/ui/Anchor.yConfigure (Lpaintbox/ui/UIElement;F)V
   L30
    LINENUMBER 181 L30
    NOP
   L31
    LINENUMBER 178 L31
    GOTO L32
   L32
    LINENUMBER 74 L32
    ALOAD 7
    CHECKCAST paintbox/ui/UIElement
    FCONST_0
    LDC 0.325
    ICONST_1
    ACONST_NULL
    INVOKESTATIC paintbox/ui/UIElement.bindHeightToParent$default (Lpaintbox/ui/UIElement;FFILjava/lang/Object;)V
   L33
    LINENUMBER 75 L33
    ALOAD 7
    INVOKEVIRTUAL paintbox/ui/control/TextLabel.getDoLineWrapping ()Lpaintbox/binding/BooleanVar;
    ICONST_1
    INVOKEVIRTUAL paintbox/binding/BooleanVar.set (Z)V
   L34
    LINENUMBER 76 L34
    ALOAD 7
    INVOKEVIRTUAL paintbox/ui/control/TextLabel.getMarkup ()Lpaintbox/binding/Var;
    ALOAD 0
    INVOKEVIRTUAL polyrhythmmania/solitaire/SolitaireHelpMenu.getMarkup ()Lpaintbox/font/Markup;
    INVOKEINTERFACE paintbox/binding/Var.set (Ljava/lang/Object;)V (itf)
   L35
    LINENUMBER 77 L35
    ALOAD 7
    INVOKEVIRTUAL paintbox/ui/control/TextLabel.getTextColor ()Lpaintbox/binding/Var;
    GETSTATIC polyrhythmmania/screen/mainmenu/menu/StandardMenu$LongButtonSkin.Companion : Lpolyrhythmmania/screen/mainmenu/menu/StandardMenu$LongButtonSkin$Companion;
    INVOKEVIRTUAL polyrhythmmania/screen/mainmenu/menu/StandardMenu$LongButtonSkin$Companion.getTEXT_COLOR ()Lcom/badlogic/gdx/graphics/Color;
    INVOKEINTERFACE paintbox/binding/Var.set (Ljava/lang/Object;)V (itf)
   L36
    LINENUMBER 78 L36
    ALOAD 7
    LDC 0.75
    INVOKEVIRTUAL paintbox/ui/control/TextLabel.setScaleXY (F)V
   L37
    LINENUMBER 79 L37
    ALOAD 7
    INVOKEVIRTUAL paintbox/ui/control/TextLabel.getRenderAlign ()Lpaintbox/binding/IntVar;
    ICONST_1
    INVOKEVIRTUAL paintbox/binding/IntVar.set (I)V
   L38
    LINENUMBER 80 L38
    ALOAD 7
    INVOKEVIRTUAL paintbox/ui/control/TextLabel.getPadding ()Lpaintbox/binding/Var;
    NEW paintbox/ui/area/Insets
    DUP
    FCONST_2
    FCONST_2
    LDC 4.0
    LDC 4.0
    INVOKESPECIAL paintbox/ui/area/Insets.<init> (FFFF)V
    INVOKEINTERFACE paintbox/binding/Var.set (Ljava/lang/Object;)V (itf)
   L39
    LINENUMBER 81 L39
    GOTO L40
   L40
    ALOAD 8
    NOP
    NOP
   L41
    LINENUMBER 72 L41
    NOP
    ALOAD 6
    GOTO L42
   L42
    CHECKCAST paintbox/ui/UIElement
   L43
    LINENUMBER 72 L43
    INVOKEVIRTUAL paintbox/ui/Pane.plusAssign (Lpaintbox/ui/UIElement;)V
   L44
    LINENUMBER 82 L44
    GOTO L45
   L45
    NOP
   L46
    LINENUMBER 60 L46
    NOP
    ALOAD 3
    GOTO L47
   L47
   L48
    LINENUMBER 60 L48
    ARETURN
   L49
    LOCALVARIABLE $i$f$configure I L10 L13 17
    LOCALVARIABLE this_$iv$iv Lpaintbox/ui/Anchor; L9 L13 13
    LOCALVARIABLE element$iv$iv Lpaintbox/ui/UIElement; L9 L13 14
    LOCALVARIABLE offsetX$iv$iv F L9 L13 15
    LOCALVARIABLE offsetY$iv$iv F L9 L13 16
    LOCALVARIABLE $i$f$configure I L8 L14 12
    LOCALVARIABLE this_$iv Lpaintbox/ui/Anchor; L7 L14 10
    LOCALVARIABLE element$iv Lpaintbox/ui/UIElement; L7 L14 11
    LOCALVARIABLE $i$a$-apply-SolitaireHelpMenu$createCornerPane$1$1 I L6 L18 9
    LOCALVARIABLE $this$createCornerPane_u24lambda_u245_u240 Lpaintbox/ui/ImageIcon; L5 L18 7
    LOCALVARIABLE $i$f$configure I L28 L31 17
    LOCALVARIABLE this_$iv$iv Lpaintbox/ui/Anchor; L27 L31 13
    LOCALVARIABLE element$iv$iv Lpaintbox/ui/UIElement; L27 L31 14
    LOCALVARIABLE offsetX$iv$iv F L27 L31 15
    LOCALVARIABLE offsetY$iv$iv F L27 L31 16
    LOCALVARIABLE $i$f$configure I L26 L32 12
    LOCALVARIABLE this_$iv Lpaintbox/ui/Anchor; L25 L32 10
    LOCALVARIABLE element$iv Lpaintbox/ui/UIElement; L25 L32 11
    LOCALVARIABLE $i$a$-apply-SolitaireHelpMenu$createCornerPane$1$3 I L24 L40 9
    LOCALVARIABLE $this$createCornerPane_u24lambda_u245_u242 Lpaintbox/ui/control/TextLabel; L23 L40 7
    LOCALVARIABLE $i$a$-apply-SolitaireHelpMenu$createCornerPane$1 I L2 L45 5
    LOCALVARIABLE $this$createCornerPane_u24lambda_u245 Lpaintbox/ui/Pane; L1 L45 4
    LOCALVARIABLE this$0 Lpolyrhythmmania/solitaire/SolitaireHelpMenu; L0 L49 0
    LOCALVARIABLE text Lpaintbox/binding/ReadOnlyVar; L0 L49 1
    LOCALVARIABLE imageID Ljava/lang/String; L0 L49 2
    MAXSTACK = 7
    MAXLOCALS = 18

File is unknown
The root cause java.lang.OutOfMemoryError was thrown at: java.base/java.util.HashMap.newNode(HashMap.java:1909)
	at org.jetbrains.kotlin.codegen.TransformationMethodVisitor.visitEnd(TransformationMethodVisitor.kt:89)
	at org.jetbrains.org.objectweb.asm.MethodVisitor.visitEnd(MethodVisitor.java:796)
	at org.jetbrains.org.objectweb.asm.tree.MethodNode.accept(MethodNode.java:770)
	at org.jetbrains.kotlin.backend.jvm.codegen.ClassCodegen.generateMethod(ClassCodegen.kt:476)
	at org.jetbrains.kotlin.backend.jvm.codegen.ClassCodegen.generate(ClassCodegen.kt:168)
	at org.jetbrains.kotlin.backend.jvm.JvmIrCodegenFactory.generateFile(JvmIrCodegenFactory.kt:467)
	at org.jetbrains.kotlin.backend.jvm.JvmIrCodegenFactory.invokeCodegen(JvmIrCodegenFactory.kt:433)
	at org.jetbrains.kotlin.cli.jvm.compiler.KotlinToJVMBytecodeCompiler.runCodegen$cli(KotlinToJVMBytecodeCompiler.kt:409)
	at org.jetbrains.kotlin.cli.pipeline.jvm.JvmBackendPipelinePhase.executePhase(JvmBackendPipelinePhase.kt:89)
	at org.jetbrains.kotlin.cli.pipeline.jvm.JvmBackendPipelinePhase.executePhase(JvmBackendPipelinePhase.kt:27)
	at org.jetbrains.kotlin.cli.pipeline.PipelinePhase.phaseBody(PipelinePhase.kt:68)
	at org.jetbrains.kotlin.cli.pipeline.PipelinePhase.phaseBody(PipelinePhase.kt:58)
	at org.jetbrains.kotlin.config.phaser.NamedCompilerPhase.invoke(CompilerPhase.kt:102)
	at org.jetbrains.kotlin.backend.common.phaser.CompositePhase.invoke(PhaseBuilders.kt:22)
	at org.jetbrains.kotlin.config.phaser.CompilerPhaseKt.invokeToplevel(CompilerPhase.kt:53)
	at org.jetbrains.kotlin.cli.pipeline.AbstractCliPipeline.runPhasedPipeline(AbstractCliPipeline.kt:109)
	at org.jetbrains.kotlin.cli.pipeline.AbstractCliPipeline.execute(AbstractCliPipeline.kt:68)
	at org.jetbrains.kotlin.cli.jvm.K2JVMCompiler.doExecutePhased(K2JVMCompiler.kt:51)
	at org.jetbrains.kotlin.cli.jvm.K2JVMCompiler.doExecutePhased(K2JVMCompiler.kt:42)
	at org.jetbrains.kotlin.cli.common.CLICompiler.execImpl(CLICompiler.kt:89)
	at org.jetbrains.kotlin.cli.common.CLICompiler.exec(CLICompiler.kt:359)
	at org.jetbrains.kotlin.incremental.IncrementalJvmCompilerRunnerBase.runCompiler(IncrementalJvmCompilerRunnerBase.kt:178)
	at org.jetbrains.kotlin.incremental.IncrementalJvmCompilerRunnerBase.runCompiler(IncrementalJvmCompilerRunnerBase.kt:40)
	at org.jetbrains.kotlin.incremental.IncrementalCompilerRunner.doCompile(IncrementalCompilerRunner.kt:504)
	at org.jetbrains.kotlin.incremental.IncrementalCompilerRunner.compileImpl(IncrementalCompilerRunner.kt:418)
	at org.jetbrains.kotlin.incremental.IncrementalCompilerRunner.compileNonIncrementally(IncrementalCompilerRunner.kt:301)
	at org.jetbrains.kotlin.incremental.IncrementalCompilerRunner.compile(IncrementalCompilerRunner.kt:128)
	at org.jetbrains.kotlin.daemon.CompileServiceImplBase.execIncrementalCompiler(CompileServiceImpl.kt:684)
	at org.jetbrains.kotlin.daemon.CompileServiceImplBase.access$execIncrementalCompiler(CompileServiceImpl.kt:94)
	at org.jetbrains.kotlin.daemon.CompileServiceImpl.compile(CompileServiceImpl.kt:1810)
	at java.base/jdk.internal.reflect.DirectMethodHandleAccessor.invoke(DirectMethodHandleAccessor.java:103)
	at java.base/java.lang.reflect.Method.invoke(Method.java:580)
	at java.rmi/sun.rmi.server.UnicastServerRef.dispatch(UnicastServerRef.java:360)
	at java.rmi/sun.rmi.transport.Transport$1.run(Transport.java:200)
	at java.rmi/sun.rmi.transport.Transport$1.run(Transport.java:197)
	at java.base/java.security.AccessController.doPrivileged(AccessController.java:714)
	at java.rmi/sun.rmi.transport.Transport.serviceCall(Transport.java:196)
	at java.rmi/sun.rmi.transport.tcp.TCPTransport.handleMessages(TCPTransport.java:598)
	at java.rmi/sun.rmi.transport.tcp.TCPTransport$ConnectionHandler.run0(TCPTransport.java:844)
	at java.rmi/sun.rmi.transport.tcp.TCPTransport$ConnectionHandler.lambda$run$0(TCPTransport.java:721)
	at java.base/java.security.AccessController.doPrivileged(AccessController.java:400)
	at java.rmi/sun.rmi.transport.tcp.TCPTransport$ConnectionHandler.run(TCPTransport.java:720)
	at java.base/java.util.concurrent.ThreadPoolExecutor.runWorker(ThreadPoolExecutor.java:1144)
	at java.base/java.util.concurrent.ThreadPoolExecutor$Worker.run(ThreadPoolExecutor.java:642)
	at java.base/java.lang.Thread.run(Thread.java:1583)
Caused by: java.lang.OutOfMemoryError: GC overhead limit exceeded
	at java.base/java.util.HashMap.newNode(HashMap.java:1909)
	at java.base/java.util.HashMap.putVal(HashMap.java:637)
	at java.base/java.util.HashMap.put(HashMap.java:618)
	at java.base/java.util.HashSet.add(HashSet.java:229)
	at org.jetbrains.kotlin.codegen.optimization.RedundantGotoMethodTransformer.transform(RedundantGotoMethodTransformer.kt:55)
	at org.jetbrains.kotlin.codegen.optimization.transformer.CompositeMethodTransformer.transform(CompositeMethodTransformer.kt:25)
	at org.jetbrains.kotlin.codegen.optimization.OptimizationMethodVisitor.performTransformations(OptimizationMethodVisitor.kt:74)
	at org.jetbrains.kotlin.codegen.TransformationMethodVisitor.visitEnd(TransformationMethodVisitor.kt:67)
	at org.jetbrains.org.objectweb.asm.MethodVisitor.visitEnd(MethodVisitor.java:796)
	at org.jetbrains.org.objectweb.asm.tree.MethodNode.accept(MethodNode.java:770)
	at org.jetbrains.kotlin.backend.jvm.codegen.ClassCodegen.generateMethod(ClassCodegen.kt:476)
	at org.jetbrains.kotlin.backend.jvm.codegen.ClassCodegen.generate(ClassCodegen.kt:168)
	at org.jetbrains.kotlin.backend.jvm.JvmIrCodegenFactory.generateFile(JvmIrCodegenFactory.kt:467)
	at org.jetbrains.kotlin.backend.jvm.JvmIrCodegenFactory.invokeCodegen(JvmIrCodegenFactory.kt:433)
	at org.jetbrains.kotlin.cli.jvm.compiler.KotlinToJVMBytecodeCompiler.runCodegen$cli(KotlinToJVMBytecodeCompiler.kt:409)
	at org.jetbrains.kotlin.cli.pipeline.jvm.JvmBackendPipelinePhase.executePhase(JvmBackendPipelinePhase.kt:89)
	at org.jetbrains.kotlin.cli.pipeline.jvm.JvmBackendPipelinePhase.executePhase(JvmBackendPipelinePhase.kt:27)
	at org.jetbrains.kotlin.cli.pipeline.PipelinePhase.phaseBody(PipelinePhase.kt:68)
	at org.jetbrains.kotlin.cli.pipeline.PipelinePhase.phaseBody(PipelinePhase.kt:58)
	at org.jetbrains.kotlin.config.phaser.NamedCompilerPhase.invoke(CompilerPhase.kt:102)
	at org.jetbrains.kotlin.backend.common.phaser.CompositePhase.invoke(PhaseBuilders.kt:22)
	at org.jetbrains.kotlin.config.phaser.CompilerPhaseKt.invokeToplevel(CompilerPhase.kt:53)
	at org.jetbrains.kotlin.cli.pipeline.AbstractCliPipeline.runPhasedPipeline(AbstractCliPipeline.kt:109)
	at org.jetbrains.kotlin.cli.pipeline.AbstractCliPipeline.execute(AbstractCliPipeline.kt:68)
	at org.jetbrains.kotlin.cli.jvm.K2JVMCompiler.doExecutePhased(K2JVMCompiler.kt:51)
	at org.jetbrains.kotlin.cli.jvm.K2JVMCompiler.doExecutePhased(K2JVMCompiler.kt:42)
	at org.jetbrains.kotlin.cli.common.CLICompiler.execImpl(CLICompiler.kt:89)
	at org.jetbrains.kotlin.cli.common.CLICompiler.exec(CLICompiler.kt:359)
	at org.jetbrains.kotlin.incremental.IncrementalJvmCompilerRunnerBase.runCompiler(IncrementalJvmCompilerRunnerBase.kt:178)
	at org.jetbrains.kotlin.incremental.IncrementalJvmCompilerRunnerBase.runCompiler(IncrementalJvmCompilerRunnerBase.kt:40)
	at org.jetbrains.kotlin.incremental.IncrementalCompilerRunner.doCompile(IncrementalCompilerRunner.kt:504)
	at org.jetbrains.kotlin.incremental.IncrementalCompilerRunner.compileImpl(IncrementalCompilerRunner.kt:418)


